// Jest Snapshot v1, https://goo.gl/fbAQLP

exports[`Input Component should render with the correct placeholder 1`] = `
<div>
  <input
    class="chakra-input css-0"
    placeholder="Test Placeholder"
  />
</div>
`;
